A51 MACRO ASSEMBLER  MAIN                                                                 10/24/2020 13:25:49 PAGE     1


MACRO ASSEMBLER A51 V8.2.7.0
NO OBJECT MODULE REQUESTED
ASSEMBLER INVOKED BY: C:\Keil_v5\C51\BIN\A51.EXE main.a51 SET(SMALL) DEBUG PRINT(.\Listings\main.lst) OBJECT(.\Objects\m
                      ain.obj) EP

LOC  OBJ            LINE     SOURCE

  03E8                 1     Stala EQU 1000
  0020                 2     DanaL DATA 20h
  0021                 3     DanaH DATA 21h
  0030                 4     WynikL DATA 30h
  0031                 5     WynikH DATA 31h 
                       6     
----                   7     CSEG AT 0                                               ;co to jest?
0000 2100              8     JMP start  
----                   9     CSEG AT 100h
0100                  10             start:       
                      11                     
0100 AB10             12                             MOV R3,10h
0102 AC0A             13                             MOV R4,0Ah
                      14                             
0104 EB               15                             MOV A,R3
0105                  16                             DIV A,R4
*** _________________________________________________^
*** ERROR #A38 IN 16 (main.a51, LINE 16): NUMBER OF OPERANDS DOES NOT MATCH INSTRUCTION
                      17                             
                      18                             
                      19                     
                      20             END*
A51 MACRO ASSEMBLER  MAIN                                                                 10/24/2020 13:25:49 PAGE     2

SYMBOL TABLE LISTING
------ ----- -------


N A M E             T Y P E  V A L U E   ATTRIBUTES

DANAH. . . . . . .  D ADDR   0021H   A   
DANAL. . . . . . .  D ADDR   0020H   A   
STALA. . . . . . .  N NUMB   03E8H   A   
START. . . . . . .  C ADDR   0100H   A   
WYNIKH . . . . . .  D ADDR   0031H   A   
WYNIKL . . . . . .  D ADDR   0030H   A   


REGISTER BANK(S) USED: 0 


ASSEMBLY COMPLETE.  0 WARNING(S), 1 ERROR(S)
