A51 MACRO ASSEMBLER  MAIN                                                                 11/22/2020 16:10:37 PAGE     1


MACRO ASSEMBLER A51 V8.2.7.0
OBJECT MODULE PLACED IN .\Objects\main.obj
ASSEMBLER INVOKED BY: C:\Keil_v5\C51\BIN\A51.EXE main.a51 SET(SMALL) DEBUG PRINT(.\Listings\main.lst) OBJECT(.\Objects\m
                      ain.obj) EP

LOC  OBJ            LINE     SOURCE

                       1     PROG SEGMENT CODE
                       2             
  004C                 3             TimerHB DATA 76
  0001                 4             TimerLB DATA 01
  007F                 5             TimerOnStatus Data 7Fh
  00FF                 6             TimerOffStatus Data 0FFh
                       7             
----                   8     CSEG AT 0
0000 020000   F        9     JMP start
                      10     
----                  11     RSEG PROG
0000                  12     start:
0000 7BFF             13             MOV R3,#0FFh                                                                       
                                          ;ustawiamy counter do dekrementacji - licznik przepelnien
0002 7C09             14             MOV R4,#9                                                                          
                                                  ;ilosc diod
0004 75F002           15             MOV B,#2                                                                           
                                                  ;zmienna do dzielenia by uzyskac kolejne diody - funkcja wymaga
                      16             
0007 758C4C           17             MOV TH0,#TimerHB                                                                   
                                          ;ustawiamy starszy i mlodszy bajt zegara 
000A 758A01           18             MOV TL0,#TimerLB                                                                   
                                          ;
000D 758901           19             MOV TMOD,#01                                                                       
                                          ;16-bitowy timer 0
                      20             
0010                  21             checkForSwitch0L:
0010 E5B0             22                     MOV A,P3                                                                   
                                                  ;do Acc wpisujemy stana na przyciskach
0012 B47FFB           23                     CJNE A,#TimerOnStatus,checkForSwitch0L                          ;sprawdzamy
                              czy pierwszy przycisk zostatal wcisniety
0015 D28C             24                     SETB TR0                                                                   
                                                  ;startujemy timer 0 jesli pierwszy przycisk zostal wcisniety
0017 8000             25                     SJMP waitForSwitch0H                                                       
                                  ;skok jesli wcisnieto przycisk - niepotrzebna linijka wpisana dla jasnosci dzialania
                      26             
0019                  27             waitForSwitch0H:
0019 108D11           28                     JBC TF0,DecrementR3                                                        
                                          ;skocz do dekrementacji licznika R3 jesli timer sie przepelnil i wyzeruj flage
                              odpowiadajaca za przepelnienie
001C E5B0             29                     MOV A,P3                                                                   
                                                  ;do A wpisujemy stan na przyciskach
001E B4FFF8           30                     CJNE A,#TimerOffStatus,waitForSwitch0H                          ;skocz do "
                             waitForSwitch0H" jesli pierwszy przycisk nie zostal puszczony
                      31                     
                      32                     ;przygotuj na zapalanie
0021 C28C             33                     CLR TR0                                                                    
                                                  ;jesli zostal puszczony zatrzymaj timer
0023 C28D             34                     CLR TF0                                                                    
                                                  ;wyzeruj falge przepelnienia
0025 758C4C           35                     MOV TH0,#TimerHB                                                           
                                          ;1.     na dwoch linijkach resetujemy timer zeby liczyl do 0.05sec            
                                                                                       
0028 758A01           36                     MOV TL0,#TimerLB                                                           
                                          ;2. na dwoch linijkach resetujemy timer zeby liczyl do 0.05sec
002B 8008             37                     SJMP continue                                                              
                                          ;skocz do "continiue" - kontynuj program po zliczeniu ile ma trwac przerwa miedzy zapaleniami diod
A51 MACRO ASSEMBLER  MAIN                                                                 11/22/2020 16:10:37 PAGE     2

                      38             
002D                  39             DecrementR3:
002D 758C4C           40                     MOV TH0,#TimerHB                                                           
                                          ;1.     na dwoch linijkach resetujemy timer zeby liczyl do 0.05sec
0030 758A01           41                     MOV TL0,#TimerLB                                                           
                                          ;2. na dwoch linijkach resetujemy timer zeby liczyl do 0.05sec
0033 DBE4             42                     DJNZ R3,waitForSwitch0H                                                    
                                  ;zliczamy ilosc przepelnien przez Dekrementacje R3
                      43             
0035                  44             continue:
0035 74FF             45                     MOV A,#0FFh                                                                
                                                  ;1. tutaj na dwoch linijkach sprawdzamy ile razy timer sie przepelnil
0037 9B               46                     SUBB A,R3                                                                  
                                                  ;2.
0038 FB               47                     MOV R3,A                                                                   
                                                  ;teraz w R3 jest ilosc przepelnien podczas trzymania przycisku czyli (
                             ilosc przepelnien * 0.05sec)= czas wlaczania sie diód
0039 8000             48                     JMP resetAcc                                                               
                                          ;po przeliczeniu skocz do "resetAcc" - niepotrzebna linijka wpisana dla jasnosci dzialania
                      49                     
003B                  50             resetAcc:                                                                          
                                                  ;w tej "petli" resetujemy timer tak by dla kazdej diody mial to samo opoznienie
003B EB               51                     MOV A,R3                                                                   
                                                  ;resetujemy Acc i ustawiamy do ilosci przepelnien wprowadzonego czasu
003C 758C4C           52                     MOV TH0,#TimerHB                                                           
                                          ;1.     na dwoch linijkach resetujemy timer zeby liczyl do 0.05sec            
                                                                                               
003F 758A01           53                     MOV TL0,#TimerLB                                                           
                                          ;2. na dwoch linijkach resetujemy timer zeby liczyl do 0.05sec  
0042 D28C             54                     SETB TR0                                                                   
                                                  ;wlaczamy zresetowany timer - niepotrzebna linijka wpisana dla jasnosci dzialania
0044 8000             55                     JMP waitForNextLED
                      56                     
0046                  57             waitForNextLED:                                                                    
                                          ;liczymy czas do zaswiecenia nastepnej diody
0046 308DFD           58                     JNB TF0,$                                                                  
                                                  ;mija 0.05s (timer ustawil flage przepelnienia)
0049 C28D             59                     CLR TF0                                                                    
                                                  ;zerujemy flage przepelnienia
                      60                     
004B 14               61                     DEC A                                                                      
                                                  ;teraz w Acc znaduje sie liczba przepelnien z trzymania przycisku czyl
                             i (ilosc przepelnien * 0.05sec)= czas wlaczania sie diód
                      62                                                                                                
                                                          ;dekrementujemy A - czyli ten loop zadziala tyle razy ile zadz
                             ialal loop na trzymanie przycisku
004C 758C4C           63                     MOV TH0,#TimerHB                                                           
                                          ;1.     na dwoch linijkach resetujemy timer zeby liczyl do 0.05sec
004F 758A01           64                     MOV TL0,#TimerLB                                                           
                                          ;2.             
0052 70F2             65                     JNZ waitForNextLED                                                         
                                          ;sprawdzamy czy A doszedl do zera
                      66                     
0054 8000             67                     JMP nextLedOn                                                              
                                          ;jesli tak skocz do zapalania nastepnej diody - niepotrzebna linijka wpisana dla jasnosci dzialania
                      68                     
                      69                     
0056                  70             nextLedOn:
0056 E5A0             71                     MOV A,P2                                                                   
                                                  ;do Acc wpisujemy stan diod
0058 75F002           72                     MOV B,#2                                                                   
                                                  ;do akumulatora Bcc wpisujemy dwojke
005B 84               73                     DIV AB                                                                     
                                                  ;dzielimy Acc przez dwa dzieki czemu dostajemy wszystkie diody ktore m
                             aja sie zapalic w nastepnym kroku
005C F5A0             74                     MOV P2,A                                                                   
A51 MACRO ASSEMBLER  MAIN                                                                 11/22/2020 16:10:37 PAGE     3

                                                  ;zapalamy diody
005E DCDB             75                     DJNZ R4,resetAcc                                                           
                                          ;dekrementujemy R4(ilosc diod do zapalenia) i wracamy do czekania na uplyw cza
                             su potrzebny do zapalenie kolejnej diody
                      76                     
                      77                     
                      78     
                      79                     
0060 74FF             80                     MOV A,#0FFh                                                                
                                                  ;1. zapalamy wszystkie diody
0062 F5A0             81                     MOV P2,A                                                                   
                                                  ;2. zapalamy wszystkie diody
0064 809A             82                     JMP start                                                                  
                                                  ;niepotrzebna linijka wpisana dla jasnosci dzialania
                      83     
                      84     END
                             
A51 MACRO ASSEMBLER  MAIN                                                                 11/22/2020 16:10:37 PAGE     4

SYMBOL TABLE LISTING
------ ----- -------


N A M E             T Y P E  V A L U E   ATTRIBUTES

B. . . . . . . . .  D ADDR   00F0H   A   
CHECKFORSWITCH0L .  C ADDR   0010H   R   SEG=PROG
CONTINUE . . . . .  C ADDR   0035H   R   SEG=PROG
DECREMENTR3. . . .  C ADDR   002DH   R   SEG=PROG
NEXTLEDON. . . . .  C ADDR   0056H   R   SEG=PROG
P2 . . . . . . . .  D ADDR   00A0H   A   
P3 . . . . . . . .  D ADDR   00B0H   A   
PROG . . . . . . .  C SEG    0066H       REL=UNIT
RESETACC . . . . .  C ADDR   003BH   R   SEG=PROG
START. . . . . . .  C ADDR   0000H   R   SEG=PROG
TF0. . . . . . . .  B ADDR   0088H.5 A   
TH0. . . . . . . .  D ADDR   008CH   A   
TIMERHB. . . . . .  D ADDR   004CH   A   
TIMERLB. . . . . .  D ADDR   0001H   A   
TIMEROFFSTATUS . .  D ADDR   00FFH   A   
TIMERONSTATUS. . .  D ADDR   007FH   A   
TL0. . . . . . . .  D ADDR   008AH   A   
TMOD . . . . . . .  D ADDR   0089H   A   
TR0. . . . . . . .  B ADDR   0088H.4 A   
WAITFORNEXTLED . .  C ADDR   0046H   R   SEG=PROG
WAITFORSWITCH0H. .  C ADDR   0019H   R   SEG=PROG


REGISTER BANK(S) USED: 0 


ASSEMBLY COMPLETE.  0 WARNING(S), 0 ERROR(S)
